// Jest Snapshot v1, https://goo.gl/fbAQLP

exports[`document container should have a matching snapshot 1`] = `undefined`;
